// Jest Snapshot v1, https://goo.gl/fbAQLP

exports[`Snapshot Test 1`] = `
{
  "Parameters": {
    "BootstrapVersion": {
      "Default": "/cdk-bootstrap/hnb659fds/version",
      "Description": "Version of the CDK Bootstrap resources in this environment, automatically retrieved from SSM Parameter Store. [cdk:skip]",
      "Type": "AWS::SSM::Parameter::Value<String>",
    },
  },
  "Resources": {
    "MySqlCluster092FEAAA": {
      "DeletionPolicy": "Snapshot",
      "Properties": {
        "CopyTagsToSnapshot": true,
        "DBClusterParameterGroupName": "default.aurora-mysql8.0",
        "DBSubnetGroupName": {
          "Ref": "MySqlClusterSubnets32CC64AB",
        },
        "EnableHttpEndpoint": true,
        "Engine": "aurora-mysql",
        "EngineVersion": "8.0.mysql_aurora.3.08.0",
        "MasterUserPassword": {
          "Fn::Join": [
            "",
            [
              "{{resolve:secretsmanager:",
              {
                "Ref": "MySqlClusterSecret3EA31D5E",
              },
              ":SecretString:password::}}",
            ],
          ],
        },
        "MasterUsername": {
          "Fn::Join": [
            "",
            [
              "{{resolve:secretsmanager:",
              {
                "Ref": "MySqlClusterSecret3EA31D5E",
              },
              ":SecretString:username::}}",
            ],
          ],
        },
        "ServerlessV2ScalingConfiguration": {
          "MaxCapacity": 2,
          "MinCapacity": 0,
        },
        "VpcSecurityGroupIds": [
          {
            "Fn::GetAtt": [
              "MySqlClusterSecurityGroup32B82225",
              "GroupId",
            ],
          },
        ],
      },
      "Type": "AWS::RDS::DBCluster",
      "UpdateReplacePolicy": "Snapshot",
    },
    "MySqlClusterSecret3EA31D5E": {
      "DeletionPolicy": "Delete",
      "Properties": {
        "Description": {
          "Fn::Join": [
            "",
            [
              "Generated by the CDK for stack: ",
              {
                "Ref": "AWS::StackName",
              },
            ],
          ],
        },
        "GenerateSecretString": {
          "ExcludeCharacters": " %+~\`#$&*()|[]{}:;<>?!'/@"\\",
          "GenerateStringKey": "password",
          "PasswordLength": 30,
          "SecretStringTemplate": "{"username":"admin"}",
        },
      },
      "Type": "AWS::SecretsManager::Secret",
      "UpdateReplacePolicy": "Delete",
    },
    "MySqlClusterSecretAttachment5594A8EB": {
      "Properties": {
        "SecretId": {
          "Ref": "MySqlClusterSecret3EA31D5E",
        },
        "TargetId": {
          "Ref": "MySqlCluster092FEAAA",
        },
        "TargetType": "AWS::RDS::DBCluster",
      },
      "Type": "AWS::SecretsManager::SecretTargetAttachment",
    },
    "MySqlClusterSecurityGroup32B82225": {
      "Properties": {
        "GroupDescription": "RDS security group",
        "SecurityGroupEgress": [
          {
            "CidrIp": "0.0.0.0/0",
            "Description": "Allow all outbound traffic by default",
            "IpProtocol": "-1",
          },
        ],
        "VpcId": {
          "Ref": "Vpc8378EB38",
        },
      },
      "Type": "AWS::EC2::SecurityGroup",
    },
    "MySqlClusterSubnets32CC64AB": {
      "Properties": {
        "DBSubnetGroupDescription": "Subnets for MySqlCluster database",
        "SubnetIds": [
          {
            "Ref": "VpcIsolatedSubnet1SubnetE48C5737",
          },
          {
            "Ref": "VpcIsolatedSubnet2Subnet16364B91",
          },
        ],
      },
      "Type": "AWS::RDS::DBSubnetGroup",
    },
    "MySqlClusterwriterF200AF28": {
      "DeletionPolicy": "Delete",
      "DependsOn": [
        "VpcIsolatedSubnet1RouteTableAssociationD300FCBB",
        "VpcIsolatedSubnet2RouteTableAssociationF7B18CCA",
      ],
      "Properties": {
        "DBClusterIdentifier": {
          "Ref": "MySqlCluster092FEAAA",
        },
        "DBInstanceClass": "db.serverless",
        "Engine": "aurora-mysql",
        "PromotionTier": 0,
        "PubliclyAccessible": false,
      },
      "Type": "AWS::RDS::DBInstance",
      "UpdateReplacePolicy": "Delete",
    },
    "PostgresClusterE64235C6": {
      "DeletionPolicy": "Snapshot",
      "Properties": {
        "CopyTagsToSnapshot": true,
        "DBClusterParameterGroupName": "default.aurora-postgresql16",
        "DBSubnetGroupName": {
          "Ref": "PostgresClusterSubnets41D66232",
        },
        "EnableHttpEndpoint": true,
        "Engine": "aurora-postgresql",
        "EngineVersion": "16.6",
        "MasterUserPassword": {
          "Fn::Join": [
            "",
            [
              "{{resolve:secretsmanager:",
              {
                "Ref": "PostgresClusterSecret966ABD5A",
              },
              ":SecretString:password::}}",
            ],
          ],
        },
        "MasterUsername": {
          "Fn::Join": [
            "",
            [
              "{{resolve:secretsmanager:",
              {
                "Ref": "PostgresClusterSecret966ABD5A",
              },
              ":SecretString:username::}}",
            ],
          ],
        },
        "Port": 5432,
        "ServerlessV2ScalingConfiguration": {
          "MaxCapacity": 2,
          "MinCapacity": 0,
        },
        "VpcSecurityGroupIds": [
          {
            "Fn::GetAtt": [
              "PostgresClusterSecurityGroup76A97CF5",
              "GroupId",
            ],
          },
        ],
      },
      "Type": "AWS::RDS::DBCluster",
      "UpdateReplacePolicy": "Snapshot",
    },
    "PostgresClusterSecret966ABD5A": {
      "DeletionPolicy": "Delete",
      "Properties": {
        "Description": {
          "Fn::Join": [
            "",
            [
              "Generated by the CDK for stack: ",
              {
                "Ref": "AWS::StackName",
              },
            ],
          ],
        },
        "GenerateSecretString": {
          "ExcludeCharacters": " %+~\`#$&*()|[]{}:;<>?!'/@"\\",
          "GenerateStringKey": "password",
          "PasswordLength": 30,
          "SecretStringTemplate": "{"username":"postgres"}",
        },
      },
      "Type": "AWS::SecretsManager::Secret",
      "UpdateReplacePolicy": "Delete",
    },
    "PostgresClusterSecretAttachmentC904D90E": {
      "Properties": {
        "SecretId": {
          "Ref": "PostgresClusterSecret966ABD5A",
        },
        "TargetId": {
          "Ref": "PostgresClusterE64235C6",
        },
        "TargetType": "AWS::RDS::DBCluster",
      },
      "Type": "AWS::SecretsManager::SecretTargetAttachment",
    },
    "PostgresClusterSecurityGroup76A97CF5": {
      "Properties": {
        "GroupDescription": "RDS security group",
        "SecurityGroupEgress": [
          {
            "CidrIp": "0.0.0.0/0",
            "Description": "Allow all outbound traffic by default",
            "IpProtocol": "-1",
          },
        ],
        "VpcId": {
          "Ref": "Vpc8378EB38",
        },
      },
      "Type": "AWS::EC2::SecurityGroup",
    },
    "PostgresClusterSubnets41D66232": {
      "Properties": {
        "DBSubnetGroupDescription": "Subnets for PostgresCluster database",
        "SubnetIds": [
          {
            "Ref": "VpcIsolatedSubnet1SubnetE48C5737",
          },
          {
            "Ref": "VpcIsolatedSubnet2Subnet16364B91",
          },
        ],
      },
      "Type": "AWS::RDS::DBSubnetGroup",
    },
    "PostgresClusterwriter12AA5E4E": {
      "DeletionPolicy": "Delete",
      "DependsOn": [
        "VpcIsolatedSubnet1RouteTableAssociationD300FCBB",
        "VpcIsolatedSubnet2RouteTableAssociationF7B18CCA",
      ],
      "Properties": {
        "DBClusterIdentifier": {
          "Ref": "PostgresClusterE64235C6",
        },
        "DBInstanceClass": "db.serverless",
        "Engine": "aurora-postgresql",
        "PromotionTier": 0,
        "PubliclyAccessible": false,
      },
      "Type": "AWS::RDS::DBInstance",
      "UpdateReplacePolicy": "Delete",
    },
    "Vpc8378EB38": {
      "Properties": {
        "CidrBlock": "10.0.0.0/16",
        "EnableDnsHostnames": true,
        "EnableDnsSupport": true,
        "InstanceTenancy": "default",
        "Tags": [
          {
            "Key": "Name",
            "Value": "MyTestStack/Vpc",
          },
        ],
      },
      "Type": "AWS::EC2::VPC",
    },
    "VpcIGWD7BA715C": {
      "Properties": {
        "Tags": [
          {
            "Key": "Name",
            "Value": "MyTestStack/Vpc",
          },
        ],
      },
      "Type": "AWS::EC2::InternetGateway",
    },
    "VpcIsolatedSubnet1RouteTable4771E3E5": {
      "Properties": {
        "Tags": [
          {
            "Key": "Name",
            "Value": "MyTestStack/Vpc/IsolatedSubnet1",
          },
        ],
        "VpcId": {
          "Ref": "Vpc8378EB38",
        },
      },
      "Type": "AWS::EC2::RouteTable",
    },
    "VpcIsolatedSubnet1RouteTableAssociationD300FCBB": {
      "Properties": {
        "RouteTableId": {
          "Ref": "VpcIsolatedSubnet1RouteTable4771E3E5",
        },
        "SubnetId": {
          "Ref": "VpcIsolatedSubnet1SubnetE48C5737",
        },
      },
      "Type": "AWS::EC2::SubnetRouteTableAssociation",
    },
    "VpcIsolatedSubnet1SubnetE48C5737": {
      "Properties": {
        "AvailabilityZone": {
          "Fn::Select": [
            0,
            {
              "Fn::GetAZs": "",
            },
          ],
        },
        "CidrBlock": "10.0.128.0/18",
        "MapPublicIpOnLaunch": false,
        "Tags": [
          {
            "Key": "aws-cdk:subnet-name",
            "Value": "Isolated",
          },
          {
            "Key": "aws-cdk:subnet-type",
            "Value": "Isolated",
          },
          {
            "Key": "Name",
            "Value": "MyTestStack/Vpc/IsolatedSubnet1",
          },
        ],
        "VpcId": {
          "Ref": "Vpc8378EB38",
        },
      },
      "Type": "AWS::EC2::Subnet",
    },
    "VpcIsolatedSubnet2RouteTable1D30AF7D": {
      "Properties": {
        "Tags": [
          {
            "Key": "Name",
            "Value": "MyTestStack/Vpc/IsolatedSubnet2",
          },
        ],
        "VpcId": {
          "Ref": "Vpc8378EB38",
        },
      },
      "Type": "AWS::EC2::RouteTable",
    },
    "VpcIsolatedSubnet2RouteTableAssociationF7B18CCA": {
      "Properties": {
        "RouteTableId": {
          "Ref": "VpcIsolatedSubnet2RouteTable1D30AF7D",
        },
        "SubnetId": {
          "Ref": "VpcIsolatedSubnet2Subnet16364B91",
        },
      },
      "Type": "AWS::EC2::SubnetRouteTableAssociation",
    },
    "VpcIsolatedSubnet2Subnet16364B91": {
      "Properties": {
        "AvailabilityZone": {
          "Fn::Select": [
            1,
            {
              "Fn::GetAZs": "",
            },
          ],
        },
        "CidrBlock": "10.0.192.0/18",
        "MapPublicIpOnLaunch": false,
        "Tags": [
          {
            "Key": "aws-cdk:subnet-name",
            "Value": "Isolated",
          },
          {
            "Key": "aws-cdk:subnet-type",
            "Value": "Isolated",
          },
          {
            "Key": "Name",
            "Value": "MyTestStack/Vpc/IsolatedSubnet2",
          },
        ],
        "VpcId": {
          "Ref": "Vpc8378EB38",
        },
      },
      "Type": "AWS::EC2::Subnet",
    },
    "VpcPublicSubnet1DefaultRoute3DA9E72A": {
      "DependsOn": [
        "VpcVPCGWBF912B6E",
      ],
      "Properties": {
        "DestinationCidrBlock": "0.0.0.0/0",
        "GatewayId": {
          "Ref": "VpcIGWD7BA715C",
        },
        "RouteTableId": {
          "Ref": "VpcPublicSubnet1RouteTable6C95E38E",
        },
      },
      "Type": "AWS::EC2::Route",
    },
    "VpcPublicSubnet1RouteTable6C95E38E": {
      "Properties": {
        "Tags": [
          {
            "Key": "Name",
            "Value": "MyTestStack/Vpc/PublicSubnet1",
          },
        ],
        "VpcId": {
          "Ref": "Vpc8378EB38",
        },
      },
      "Type": "AWS::EC2::RouteTable",
    },
    "VpcPublicSubnet1RouteTableAssociation97140677": {
      "Properties": {
        "RouteTableId": {
          "Ref": "VpcPublicSubnet1RouteTable6C95E38E",
        },
        "SubnetId": {
          "Ref": "VpcPublicSubnet1Subnet5C2D37C4",
        },
      },
      "Type": "AWS::EC2::SubnetRouteTableAssociation",
    },
    "VpcPublicSubnet1Subnet5C2D37C4": {
      "Properties": {
        "AvailabilityZone": {
          "Fn::Select": [
            0,
            {
              "Fn::GetAZs": "",
            },
          ],
        },
        "CidrBlock": "10.0.0.0/18",
        "MapPublicIpOnLaunch": true,
        "Tags": [
          {
            "Key": "aws-cdk:subnet-name",
            "Value": "Public",
          },
          {
            "Key": "aws-cdk:subnet-type",
            "Value": "Public",
          },
          {
            "Key": "Name",
            "Value": "MyTestStack/Vpc/PublicSubnet1",
          },
        ],
        "VpcId": {
          "Ref": "Vpc8378EB38",
        },
      },
      "Type": "AWS::EC2::Subnet",
    },
    "VpcPublicSubnet2DefaultRoute97F91067": {
      "DependsOn": [
        "VpcVPCGWBF912B6E",
      ],
      "Properties": {
        "DestinationCidrBlock": "0.0.0.0/0",
        "GatewayId": {
          "Ref": "VpcIGWD7BA715C",
        },
        "RouteTableId": {
          "Ref": "VpcPublicSubnet2RouteTable94F7E489",
        },
      },
      "Type": "AWS::EC2::Route",
    },
    "VpcPublicSubnet2RouteTable94F7E489": {
      "Properties": {
        "Tags": [
          {
            "Key": "Name",
            "Value": "MyTestStack/Vpc/PublicSubnet2",
          },
        ],
        "VpcId": {
          "Ref": "Vpc8378EB38",
        },
      },
      "Type": "AWS::EC2::RouteTable",
    },
    "VpcPublicSubnet2RouteTableAssociationDD5762D8": {
      "Properties": {
        "RouteTableId": {
          "Ref": "VpcPublicSubnet2RouteTable94F7E489",
        },
        "SubnetId": {
          "Ref": "VpcPublicSubnet2Subnet691E08A3",
        },
      },
      "Type": "AWS::EC2::SubnetRouteTableAssociation",
    },
    "VpcPublicSubnet2Subnet691E08A3": {
      "Properties": {
        "AvailabilityZone": {
          "Fn::Select": [
            1,
            {
              "Fn::GetAZs": "",
            },
          ],
        },
        "CidrBlock": "10.0.64.0/18",
        "MapPublicIpOnLaunch": true,
        "Tags": [
          {
            "Key": "aws-cdk:subnet-name",
            "Value": "Public",
          },
          {
            "Key": "aws-cdk:subnet-type",
            "Value": "Public",
          },
          {
            "Key": "Name",
            "Value": "MyTestStack/Vpc/PublicSubnet2",
          },
        ],
        "VpcId": {
          "Ref": "Vpc8378EB38",
        },
      },
      "Type": "AWS::EC2::Subnet",
    },
    "VpcVPCGWBF912B6E": {
      "Properties": {
        "InternetGatewayId": {
          "Ref": "VpcIGWD7BA715C",
        },
        "VpcId": {
          "Ref": "Vpc8378EB38",
        },
      },
      "Type": "AWS::EC2::VPCGatewayAttachment",
    },
  },
  "Rules": {
    "CheckBootstrapVersion": {
      "Assertions": [
        {
          "Assert": {
            "Fn::Not": [
              {
                "Fn::Contains": [
                  [
                    "1",
                    "2",
                    "3",
                    "4",
                    "5",
                  ],
                  {
                    "Ref": "BootstrapVersion",
                  },
                ],
              },
            ],
          },
          "AssertDescription": "CDK bootstrap stack version 6 required. Please run 'cdk bootstrap' with a recent version of the CDK CLI.",
        },
      ],
    },
  },
}
`;
